
> rajesh-portfolio@0.0.0 build
> tsc -b && vite build

src/components/Navbar.tsx(34,29): error TS2345: Argument of type 'string | null' is not assignable to parameter of type 'string | number | HTMLElement'.
  Type 'null' is not assignable to type 'string | number | HTMLElement'.
src/components/Navbar.tsx(39,22): error TS2339: Property 'refresh' does not exist on type 'typeof _ScrollSmoother'.
